============================================================
ARINC 429 PHASE-1 FAULT INJECTION TESTBENCH (Review-2 rev B)
============================================================
USER_SEED                    = 7  (same seed reproduces the identical fault sequence)
RUN MODE                     = 1  (0=NORMAL, 1=RANDOM, 2=DIRECTED)
NUM_RANDOM_TESTS             = 12
FAULT_PROBABILITY            = 80 %
ERROR_RATE_WINDOW            = 10 transactions
HIGH_ERROR_RATE_THRESHOLD    = 30 %   [PROJECT-DEFINED]
TIMEOUT_THRESHOLD            = 22000 cycles (440 us) [PROJECT-DEFINED]
IDLE_THRESHOLD               = 22000 cycles (440 us) [PROJECT-DEFINED, > normal gap 2000]
FIFO_DEPTH (verification model) = 4  [NO FIFO IN RTL]
REPEAT_ERROR_RANGE           = 3..6
CYCLES_PER_BIT=500 GAP_CYCLES=2000 TOTAL_TX_CYCLES=18000 RX_VALID_DELAY=15751
CSV dataset file             = arinc429_ml_dataset_seed7.csv (46-column schema)
DUT files: UNMODIFIED Review-1 RTL; injector: TESTBENCH ONLY
Detection honesty: REPEATED/HIGH-RATE are ANALYSIS classifications;
  TIMEOUT/IDLE/FIFO/LABEL are EXPECTED LIMITATIONS (no such RTL hardware).
============================================================
Result              : PASS [INITIAL_RESET] outputs clean
============================================================
REGRESSION BLOCK: normal traffic, injection disabled (FIU=wire)
============================================================
------------------------------------------------------------
Transaction ID      : 1
Seed (snapshot)     : 7
Fault class         : NORMAL
Tag                 : NORMAL
Original word       : 1dc56805
Expected word       : 1dc56805
Injected stream     : 1dc568a0
Expected RX word    : 1dc56805 (parity_error=0)
Actual RX word      : 1dc56805 (parity_error=0)
rx_valid=1 tx_done=1  (counters +1 / +1)
TX duration         : 18000 cycles (360000 ns)
Result              : NORMAL PASS (normal communication verified)
Result              : NORMAL PASS (normal communication verified)
============================================================
DIRECTED SUITE 1: single-bit fault at EVERY serial position
(proves serial<->word mapping for all 32 positions)
============================================================
Result              : PASS (FAULT DETECTED BY DUT: parity_error=1, word mismatch, serial pos 0 = word bit 7 [LABEL])
Result              : PASS (FAULT DETECTED BY DUT: parity_error=1, word mismatch, serial pos 1 = word bit 6 [LABEL])
Result              : PASS (FAULT DETECTED BY DUT: parity_error=1, word mismatch, serial pos 2 = word bit 5 [LABEL])
Result              : PASS (FAULT DETECTED BY DUT: parity_error=1, word mismatch, serial pos 3 = word bit 4 [LABEL])
Result              : PASS (FAULT DETECTED BY DUT: parity_error=1, word mismatch, serial pos 4 = word bit 3 [LABEL])
Result              : PASS (FAULT DETECTED BY DUT: parity_error=1, word mismatch, serial pos 5 = word bit 2 [LABEL])
Result              : PASS (FAULT DETECTED BY DUT: parity_error=1, word mismatch, serial pos 6 = word bit 1 [LABEL])
Result              : PASS (FAULT DETECTED BY DUT: parity_error=1, word mismatch, serial pos 7 = word bit 0 [LABEL])
Result              : PASS (FAULT DETECTED BY DUT: parity_error=1, word mismatch, serial pos 8 = word bit 8 [SDI])
Result              : PASS (FAULT DETECTED BY DUT: parity_error=1, word mismatch, serial pos 9 = word bit 9 [SDI])
Result              : PASS (FAULT DETECTED BY DUT: parity_error=1, word mismatch, serial pos 10 = word bit 10 [DATA])
Result              : PASS (FAULT DETECTED BY DUT: parity_error=1, word mismatch, serial pos 11 = word bit 11 [DATA])
Result              : PASS (FAULT DETECTED BY DUT: parity_error=1, word mismatch, serial pos 12 = word bit 12 [DATA])
Result              : PASS (FAULT DETECTED BY DUT: parity_error=1, word mismatch, serial pos 13 = word bit 13 [DATA])
Result              : PASS (FAULT DETECTED BY DUT: parity_error=1, word mismatch, serial pos 14 = word bit 14 [DATA])
Result              : PASS (FAULT DETECTED BY DUT: parity_error=1, word mismatch, serial pos 15 = word bit 15 [DATA])
Result              : PASS (FAULT DETECTED BY DUT: parity_error=1, word mismatch, serial pos 16 = word bit 16 [DATA])
Result              : PASS (FAULT DETECTED BY DUT: parity_error=1, word mismatch, serial pos 17 = word bit 17 [DATA])
Result              : PASS (FAULT DETECTED BY DUT: parity_error=1, word mismatch, serial pos 18 = word bit 18 [DATA])
Result              : PASS (FAULT DETECTED BY DUT: parity_error=1, word mismatch, serial pos 19 = word bit 19 [DATA])
Result              : PASS (FAULT DETECTED BY DUT: parity_error=1, word mismatch, serial pos 20 = word bit 20 [DATA])
Result              : PASS (FAULT DETECTED BY DUT: parity_error=1, word mismatch, serial pos 21 = word bit 21 [DATA])
Result              : PASS (FAULT DETECTED BY DUT: parity_error=1, word mismatch, serial pos 22 = word bit 22 [DATA])
Result              : PASS (FAULT DETECTED BY DUT: parity_error=1, word mismatch, serial pos 23 = word bit 23 [DATA])
Result              : PASS (FAULT DETECTED BY DUT: parity_error=1, word mismatch, serial pos 24 = word bit 24 [DATA])
Result              : PASS (FAULT DETECTED BY DUT: parity_error=1, word mismatch, serial pos 25 = word bit 25 [DATA])
Result              : PASS (FAULT DETECTED BY DUT: parity_error=1, word mismatch, serial pos 26 = word bit 26 [DATA])
Result              : PASS (FAULT DETECTED BY DUT: parity_error=1, word mismatch, serial pos 27 = word bit 27 [DATA])
Result              : PASS (FAULT DETECTED BY DUT: parity_error=1, word mismatch, serial pos 28 = word bit 28 [DATA])
Result              : PASS (FAULT DETECTED BY DUT: parity_error=1, word mismatch, serial pos 29 = word bit 29 [SSM])
Result              : PASS (FAULT DETECTED BY DUT: parity_error=1, word mismatch, serial pos 30 = word bit 30 [SSM])
Result              : PASS (FAULT DETECTED BY DUT: parity_error=1, word mismatch, serial pos 31 = word bit 31 [PARITY])
DIRECTED SUITE 1 COMPLETE: 32/32 serial positions exercised
============================================================
DIRECTED SUITE 2: two-bit corruption (parity limitation)
============================================================
------------------------------------------------------------
Transaction ID      : 35
Seed (snapshot)     : 7
Fault class         : PARITY_TWO_BIT_LIMIT
Tag                 : TWO_BIT_FAULT
Original word       : e6817e35
Expected word       : e6817e35
Injected stream     : e6817eaf
Expected RX word    : e6817ef5 (parity_error=0)
Actual RX word      : e6817ef5 (parity_error=0)
rx_valid=1 tx_done=1  (counters +1 / +1)
TX duration         : 18000 cycles (360000 ns)
Result              : EXPECTED LIMITATION OBSERVED
                      two-bit corruption escaped odd parity
                      (rx_word differs, parity_error=0) - correct parity mathematics
------------------------------------------------------------
Transaction ID      : 36
Seed (snapshot)     : 7
Fault class         : PARITY_TWO_BIT_LIMIT
Tag                 : TWO_BIT_FAULT
Original word       : 98b02e75
Expected word       : 98b02e75
Injected stream     : 38b02eae
Expected RX word    : 38b02e75 (parity_error=0)
Actual RX word      : 38b02e75 (parity_error=0)
rx_valid=1 tx_done=1  (counters +1 / +1)
TX duration         : 18000 cycles (360000 ns)
Result              : EXPECTED LIMITATION OBSERVED
                      two-bit corruption escaped odd parity
                      (rx_word differs, parity_error=0) - correct parity mathematics
============================================================
DIRECTED SUITE 3: communication timeout sub-types
(0 truncated word, 1 silent-bus false reception,
 2 no communication, 3 armed RX with no TX)
============================================================
------------------------------------------------------------
Transaction ID      : 37
Seed (snapshot)     : 7
Fault class         : COMMUNICATION_TIMEOUT
Tag                 : TIMEOUT_TRUNCATED_WORD
Original word       : 49d12705
Expected word       : 49d12705
Injected stream     : 000127a0
Expected RX word    : 00012705 (parity_error=0)
Actual RX word      : 00012705 (parity_error=0)
rx_valid=1 tx_done=1  (counters +1 / +1)
TX duration         : 18000 cycles (360000 ns)
------------------------------------------------------------
Transaction ID      : 37
Fault class         : COMMUNICATION_TIMEOUT
Tag                 : TIMEOUT_TRUNCATED_WORD
Timeout threshold   : 22000 cycles [PROJECT-DEFINED]
Elapsed             : 15751 cycles
rx_valid seen       : 1
Result              : PASS (fault observed at verification level)
                      RX completed an INCOMPLETE word (trailing bits read as 0) after 15751 cycles
                      DUT TIMEOUT DETECTOR: ABSENT - EXPECTED LIMITATION (no such RTL hardware)
------------------------------------------------------------
Transaction ID      : 38
Seed (snapshot)     : 7
Fault class         : COMMUNICATION_TIMEOUT
Tag                 : TIMEOUT_SILENT_BUS_ARMED_RX
Original word       : d6895c45
Expected word       : d6895c45
Injected stream     : 00000000
Expected RX word    : 00000000 (parity_error=1)
Actual RX word      : 00000000 (parity_error=1)
rx_valid=1 tx_done=1  (counters +1 / +1)
TX duration         : 18000 cycles (360000 ns)
------------------------------------------------------------
Transaction ID      : 38
Fault class         : COMMUNICATION_TIMEOUT
Tag                 : TIMEOUT_SILENT_BUS_ARMED_RX
Timeout threshold   : 22000 cycles [PROJECT-DEFINED]
Elapsed             : 15751 cycles
rx_valid seen       : 1
Result              : PASS (fault observed at verification level)
                      ARMED RX on SILENT BUS: DUT produced a FALSE RECEPTION (hallucinated zero word) after 15751 cycles
                      DUT TIMEOUT DETECTOR: ABSENT - EXPECTED LIMITATION (no such RTL hardware)
------------------------------------------------------------
Transaction ID      : 39
Seed (snapshot)     : 7
Fault class         : COMMUNICATION_TIMEOUT
Tag                 : TIMEOUT_NO_COMMUNICATION
Original word       : ba093355
Expected word       : ba093355
Injected stream     : 00000000
Expected RX word    : 00000000 (parity_error=1)
Actual RX word      : 00000000 (parity_error=1)
rx_valid=0 tx_done=1  (counters +0 / +1)
TX duration         : 18000 cycles (360000 ns)
------------------------------------------------------------
Transaction ID      : 39
Fault class         : COMMUNICATION_TIMEOUT
Tag                 : TIMEOUT_NO_COMMUNICATION
Timeout threshold   : 22000 cycles [PROJECT-DEFINED]
Elapsed             : 22000 cycles
rx_valid seen       : 0
Result              : PASS (fault observed at verification level)
                      NO reception event within the 22000-cycle threshold (rx_valid_count unchanged)
                      DUT TIMEOUT DETECTOR: ABSENT - EXPECTED LIMITATION (no such RTL hardware)
------------------------------------------------------------
Transaction ID      : 40
Fault class         : COMMUNICATION_TIMEOUT
Tag                 : TIMEOUT_ARMED_RX_NO_TX
Timeout threshold   : 22000 cycles [PROJECT-DEFINED]
Elapsed             : 15751 cycles
rx_valid seen       : 1
Result              : PASS (fault observed at verification level)
                      ARMED RX with NO transmission: hallucinated zero word at 15751 cycles (RX has no activity qualifier)
                      DUT TIMEOUT DETECTOR: ABSENT - EXPECTED LIMITATION (no such RTL hardware)
============================================================
DIRECTED SUITE 4: verification-modeled FIFO events
============================================================
------------------------------------------------------------
Transaction ID      : 41
Seed (snapshot)     : 7
Fault class         : FIFO_OVERFLOW
Tag                 : O_OVERFLOW(verification-modeled)
Original word       : 3136ec15
Expected word       : 3136ec15
Injected stream     : 3136eca8
Expected RX word    : 3136ec15 (parity_error=0)
Actual RX word      : 3136ec15 (parity_error=0)
rx_valid=1 tx_done=1  (counters +1 / +1)
TX duration         : 18000 cycles (360000 ns)
  [FIFO-MODEL] OVERFLOW: write request dropped, occupancy=4 (depth=4)
  [FIFO-MODEL] OVERFLOW: write request dropped, occupancy=4 (depth=4)
Result              : PASS (verification-modeled FIFO overflow)
                      occupancy_before=0 writes_attempted=6 overflow_events=2 (planned 2)
                      NO FIFO HARDWARE IN RTL - VERIFICATION-MODELED EVENT (expected limitation)
------------------------------------------------------------
Transaction ID      : 42
Seed (snapshot)     : 7
Fault class         : FIFO_UNDERFLOW
Tag                 : _UNDERFLOW(verification-modeled)
Original word       : 0bb78645
Expected word       : 0bb78645
Injected stream     : 0bb786a2
Expected RX word    : 0bb78645 (parity_error=0)
Actual RX word      : 0bb78645 (parity_error=0)
rx_valid=1 tx_done=1  (counters +1 / +1)
TX duration         : 18000 cycles (360000 ns)
  [FIFO-MODEL] UNDERFLOW: read request on empty FIFO
  [FIFO-MODEL] UNDERFLOW: read request on empty FIFO
Result              : PASS (verification-modeled FIFO underflow)
                      occupancy_before=0 reads_attempted=2 underflow_events=2 (planned 2)
                      NO FIFO HARDWARE IN RTL - VERIFICATION-MODELED EVENT (expected limitation)
============================================================
DIRECTED SUITE 5: application-defined invalid labels
============================================================
------------------------------------------------------------
Transaction ID      : 43
Seed (snapshot)     : 7
Fault class         : INVALID_LABEL
Tag                 : VALID_LABEL(application-defined)
Original word       : 80726300
Expected word       : 80726300
Injected stream     : 80726300
Expected RX word    : 80726300 (parity_error=0)
Actual RX word      : 80726300 (parity_error=0)
rx_valid=1 tx_done=1  (counters +1 / +1)
TX duration         : 18000 cycles (360000 ns)
Result              : PASS (fault observed at verification level)
                      original_label=00000025 injected_label=00 supported_label_status=INVALID
                      invalid_label_condition: received label NOT in APPLICATION-DEFINED supported set
                      DUT accepted the word: NO label validator in RTL - EXPECTED LIMITATION
                      NOT an ARINC protocol violation claim
------------------------------------------------------------
Transaction ID      : 44
Seed (snapshot)     : 7
Fault class         : INVALID_LABEL
Tag                 : VALID_LABEL(application-defined)
Original word       : 0c57deff
Expected word       : 0c57deff
Injected stream     : 0c57deff
Expected RX word    : 0c57deff (parity_error=0)
Actual RX word      : 0c57deff (parity_error=0)
rx_valid=1 tx_done=1  (counters +1 / +1)
TX duration         : 18000 cycles (360000 ns)
Result              : PASS (fault observed at verification level)
                      original_label=00000075 injected_label=ff supported_label_status=INVALID
                      invalid_label_condition: received label NOT in APPLICATION-DEFINED supported set
                      DUT accepted the word: NO label validator in RTL - EXPECTED LIMITATION
                      NOT an ARINC protocol violation claim
============================================================
DIRECTED SUITE 6: bus idle error + normal-gap control
============================================================
------------------------------------------------------------
Transaction ID      : 45
Fault class         : BUS_IDLE_ERROR
Idle threshold      : 22000 cycles (PROJECT-DEFINED)
Result              : PASS (fault observed at verification level)
                      idle_duration=25800 cycles >= IDLE_THRESHOLD=22000 -> BUS IDLE condition
                      (516 us with no TX/RX activity)
                      DUT IDLE DETECTOR: ABSENT - EXPECTED LIMITATION (no such RTL hardware)
------------------------------------------------------------
Transaction ID      : 46
Seed (snapshot)     : 7
Fault class         : NORMAL
Tag                 : GAP_CONTROL(normal gap)
Original word       : 44667005
Expected word       : 44667005
Injected stream     : 446670a0
Expected RX word    : 44667005 (parity_error=0)
Actual RX word      : 44667005 (parity_error=0)
rx_valid=1 tx_done=1  (counters +1 / +1)
TX duration         : 18000 cycles (360000 ns)
Result              : GAP_CONTROL(normal gap) PASS (normal communication verified)
Result              : PASS (GAP CONTROL)
                      normal interword gap = 2000 cycles < IDLE_THRESHOLD=22000
                      normal gap NOT classified as BUS_IDLE_ERROR (bus_idle_count unchanged)
============================================================
DIRECTED SUITE 7: high-error-rate windows incl. boundary
(FI-16: 0%, low, below-boundary, at-boundary, above)
============================================================
============================================================
HIGH-RATE WINDOW: window=10 txns, planned_faults=0 (threshold=30% PROJECT-DEFINED)
============================================================
Result              : NORMAL PASS (normal communication verified)
Result              : NORMAL PASS (normal communication verified)
Result              : NORMAL PASS (normal communication verified)
Result              : NORMAL PASS (normal communication verified)
Result              : NORMAL PASS (normal communication verified)
Result              : NORMAL PASS (normal communication verified)
Result              : NORMAL PASS (normal communication verified)
Result              : NORMAL PASS (normal communication verified)
Result              : NORMAL PASS (normal communication verified)
Result              : NORMAL PASS (normal communication verified)
HIGH-RATE WINDOW SUMMARY: total=10 faulty=0 normal=10 error_rate=0%
                          dominant_error_type=NONE (parity=0 label=0)
                          CLASSIFICATION: BELOW_HIGH_ERROR_RATE_THRESHOLD (rate < threshold; recorded as class 0 window)
============================================================
HIGH-RATE WINDOW: window=50 txns, planned_faults=5 (threshold=30% PROJECT-DEFINED)
============================================================
Result              : NORMAL PASS (normal communication verified)
  [WINDOW 2/50] COMBO: INVALID_LABEL within window
Result              : NORMAL PASS (normal communication verified)
Result              : NORMAL PASS (normal communication verified)
Result              : NORMAL PASS (normal communication verified)
Result              : NORMAL PASS (normal communication verified)
Result              : NORMAL PASS (normal communication verified)
Result              : NORMAL PASS (normal communication verified)
Result              : NORMAL PASS (normal communication verified)
Result              : NORMAL PASS (normal communication verified)
Result              : NORMAL PASS (normal communication verified)
Result              : NORMAL PASS (normal communication verified)
Result              : NORMAL PASS (normal communication verified)
Result              : NORMAL PASS (normal communication verified)
Result              : NORMAL PASS (normal communication verified)
Result              : NORMAL PASS (normal communication verified)
Result              : NORMAL PASS (normal communication verified)
Result              : NORMAL PASS (normal communication verified)
Result              : PASS (FAULT DETECTED BY DUT: parity_error=1, word mismatch, serial pos 28 = word bit 28 [DATA])
  [WINDOW 19/50] COMBO: PARITY_ERROR within window
Result              : NORMAL PASS (normal communication verified)
Result              : NORMAL PASS (normal communication verified)
Result              : NORMAL PASS (normal communication verified)
  [WINDOW 23/50] COMBO: INVALID_LABEL within window
Result              : NORMAL PASS (normal communication verified)
Result              : NORMAL PASS (normal communication verified)
Result              : PASS (FAULT DETECTED BY DUT: parity_error=1, word mismatch, serial pos 28 = word bit 28 [DATA])
  [WINDOW 26/50] COMBO: PARITY_ERROR within window
Result              : NORMAL PASS (normal communication verified)
Result              : NORMAL PASS (normal communication verified)
  [WINDOW 29/50] COMBO: INVALID_LABEL within window
Result              : NORMAL PASS (normal communication verified)
Result              : NORMAL PASS (normal communication verified)
Result              : NORMAL PASS (normal communication verified)
Result              : NORMAL PASS (normal communication verified)
Result              : NORMAL PASS (normal communication verified)
Result              : NORMAL PASS (normal communication verified)
Result              : NORMAL PASS (normal communication verified)
Result              : NORMAL PASS (normal communication verified)
Result              : NORMAL PASS (normal communication verified)
Result              : NORMAL PASS (normal communication verified)
Result              : NORMAL PASS (normal communication verified)
Result              : NORMAL PASS (normal communication verified)
Result              : NORMAL PASS (normal communication verified)
Result              : NORMAL PASS (normal communication verified)
Result              : NORMAL PASS (normal communication verified)
Result              : NORMAL PASS (normal communication verified)
Result              : NORMAL PASS (normal communication verified)
Result              : NORMAL PASS (normal communication verified)
Result              : NORMAL PASS (normal communication verified)
Result              : NORMAL PASS (normal communication verified)
Result              : NORMAL PASS (normal communication verified)
HIGH-RATE WINDOW SUMMARY: total=50 faulty=5 normal=45 error_rate=10%
                          dominant_error_type=INVALID_LABEL (parity=2 label=3)
                          CLASSIFICATION: BELOW_HIGH_ERROR_RATE_THRESHOLD (rate < threshold; recorded as class 0 window)
============================================================
HIGH-RATE WINDOW: window=50 txns, planned_faults=14 (threshold=30% PROJECT-DEFINED)
============================================================
Result              : NORMAL PASS (normal communication verified)
Result              : NORMAL PASS (normal communication verified)
  [WINDOW 3/50] COMBO: INVALID_LABEL within window
Result              : PASS (FAULT DETECTED BY DUT: parity_error=1, word mismatch, serial pos 30 = word bit 30 [SSM])
  [WINDOW 4/50] COMBO: PARITY_ERROR within window
Result              : NORMAL PASS (normal communication verified)
Result              : NORMAL PASS (normal communication verified)
Result              : NORMAL PASS (normal communication verified)
Result              : NORMAL PASS (normal communication verified)
  [WINDOW 9/50] COMBO: INVALID_LABEL within window
Result              : NORMAL PASS (normal communication verified)
Result              : NORMAL PASS (normal communication verified)
Result              : NORMAL PASS (normal communication verified)
Result              : PASS (FAULT DETECTED BY DUT: parity_error=1, word mismatch, serial pos 18 = word bit 18 [DATA])
  [WINDOW 13/50] COMBO: PARITY_ERROR within window
Result              : NORMAL PASS (normal communication verified)
Result              : NORMAL PASS (normal communication verified)
Result              : NORMAL PASS (normal communication verified)
Result              : NORMAL PASS (normal communication verified)
Result              : PASS (FAULT DETECTED BY DUT: parity_error=1, word mismatch, serial pos 14 = word bit 14 [DATA])
  [WINDOW 18/50] COMBO: PARITY_ERROR within window
Result              : NORMAL PASS (normal communication verified)
  [WINDOW 20/50] COMBO: INVALID_LABEL within window
Result              : NORMAL PASS (normal communication verified)
Result              : NORMAL PASS (normal communication verified)
Result              : NORMAL PASS (normal communication verified)
Result              : NORMAL PASS (normal communication verified)
Result              : NORMAL PASS (normal communication verified)
Result              : NORMAL PASS (normal communication verified)
Result              : NORMAL PASS (normal communication verified)
Result              : NORMAL PASS (normal communication verified)
Result              : NORMAL PASS (normal communication verified)
Result              : NORMAL PASS (normal communication verified)
Result              : NORMAL PASS (normal communication verified)
  [WINDOW 32/50] COMBO: INVALID_LABEL within window
Result              : PASS (FAULT DETECTED BY DUT: parity_error=1, word mismatch, serial pos 23 = word bit 23 [DATA])
  [WINDOW 33/50] COMBO: PARITY_ERROR within window
  [WINDOW 34/50] COMBO: INVALID_LABEL within window
Result              : NORMAL PASS (normal communication verified)
  [WINDOW 36/50] COMBO: INVALID_LABEL within window
Result              : NORMAL PASS (normal communication verified)
Result              : NORMAL PASS (normal communication verified)
  [WINDOW 39/50] COMBO: INVALID_LABEL within window
  [WINDOW 40/50] COMBO: INVALID_LABEL within window
Result              : NORMAL PASS (normal communication verified)
Result              : NORMAL PASS (normal communication verified)
Result              : NORMAL PASS (normal communication verified)
Result              : NORMAL PASS (normal communication verified)
Result              : NORMAL PASS (normal communication verified)
Result              : NORMAL PASS (normal communication verified)
Result              : PASS (FAULT DETECTED BY DUT: parity_error=1, word mismatch, serial pos 7 = word bit 0 [LABEL])
  [WINDOW 47/50] COMBO: PARITY_ERROR within window
Result              : NORMAL PASS (normal communication verified)
Result              : PASS (FAULT DETECTED BY DUT: parity_error=1, word mismatch, serial pos 19 = word bit 19 [DATA])
  [WINDOW 49/50] COMBO: PARITY_ERROR within window
Result              : NORMAL PASS (normal communication verified)
HIGH-RATE WINDOW SUMMARY: total=50 faulty=14 normal=36 error_rate=28%
                          dominant_error_type=INVALID_LABEL (parity=6 label=8)
                          CLASSIFICATION: BELOW_HIGH_ERROR_RATE_THRESHOLD (rate < threshold; recorded as class 0 window)
============================================================
HIGH-RATE WINDOW: window=50 txns, planned_faults=15 (threshold=30% PROJECT-DEFINED)
============================================================
Result              : NORMAL PASS (normal communication verified)
  [WINDOW 2/50] COMBO: INVALID_LABEL within window
Result              : NORMAL PASS (normal communication verified)
Result              : NORMAL PASS (normal communication verified)
Result              : NORMAL PASS (normal communication verified)
Result              : NORMAL PASS (normal communication verified)
  [WINDOW 7/50] COMBO: INVALID_LABEL within window
  [WINDOW 8/50] COMBO: INVALID_LABEL within window
Result              : PASS (FAULT DETECTED BY DUT: parity_error=1, word mismatch, serial pos 21 = word bit 21 [DATA])
  [WINDOW 9/50] COMBO: PARITY_ERROR within window
Result              : NORMAL PASS (normal communication verified)
Result              : NORMAL PASS (normal communication verified)
Result              : NORMAL PASS (normal communication verified)
Result              : NORMAL PASS (normal communication verified)
Result              : PASS (FAULT DETECTED BY DUT: parity_error=1, word mismatch, serial pos 10 = word bit 10 [DATA])
  [WINDOW 14/50] COMBO: PARITY_ERROR within window
  [WINDOW 15/50] COMBO: INVALID_LABEL within window
  [WINDOW 16/50] COMBO: INVALID_LABEL within window
Result              : NORMAL PASS (normal communication verified)
Result              : NORMAL PASS (normal communication verified)
Result              : PASS (FAULT DETECTED BY DUT: parity_error=1, word mismatch, serial pos 23 = word bit 23 [DATA])
  [WINDOW 19/50] COMBO: PARITY_ERROR within window
Result              : NORMAL PASS (normal communication verified)
Result              : NORMAL PASS (normal communication verified)
Result              : PASS (FAULT DETECTED BY DUT: parity_error=1, word mismatch, serial pos 1 = word bit 6 [LABEL])
  [WINDOW 22/50] COMBO: PARITY_ERROR within window
Result              : NORMAL PASS (normal communication verified)
Result              : NORMAL PASS (normal communication verified)
Result              : NORMAL PASS (normal communication verified)
Result              : PASS (FAULT DETECTED BY DUT: parity_error=1, word mismatch, serial pos 9 = word bit 9 [SDI])
  [WINDOW 26/50] COMBO: PARITY_ERROR within window
Result              : NORMAL PASS (normal communication verified)
Result              : NORMAL PASS (normal communication verified)
Result              : NORMAL PASS (normal communication verified)
Result              : NORMAL PASS (normal communication verified)
Result              : NORMAL PASS (normal communication verified)
Result              : PASS (FAULT DETECTED BY DUT: parity_error=1, word mismatch, serial pos 21 = word bit 21 [DATA])
  [WINDOW 32/50] COMBO: PARITY_ERROR within window
Result              : NORMAL PASS (normal communication verified)
Result              : NORMAL PASS (normal communication verified)
Result              : NORMAL PASS (normal communication verified)
Result              : NORMAL PASS (normal communication verified)
  [WINDOW 37/50] COMBO: INVALID_LABEL within window
Result              : NORMAL PASS (normal communication verified)
Result              : NORMAL PASS (normal communication verified)
Result              : NORMAL PASS (normal communication verified)
  [WINDOW 41/50] COMBO: INVALID_LABEL within window
Result              : NORMAL PASS (normal communication verified)
Result              : NORMAL PASS (normal communication verified)
Result              : NORMAL PASS (normal communication verified)
Result              : NORMAL PASS (normal communication verified)
Result              : PASS (FAULT DETECTED BY DUT: parity_error=1, word mismatch, serial pos 6 = word bit 1 [LABEL])
  [WINDOW 46/50] COMBO: PARITY_ERROR within window
  [WINDOW 47/50] COMBO: INVALID_LABEL within window
Result              : NORMAL PASS (normal communication verified)
Result              : NORMAL PASS (normal communication verified)
Result              : NORMAL PASS (normal communication verified)
HIGH-RATE WINDOW SUMMARY: total=50 faulty=15 normal=35 error_rate=30%
                          dominant_error_type=INVALID_LABEL (parity=7 label=8)
                          CLASSIFICATION: HIGH ERROR RATE CLASSIFIED (rate >= threshold; window-level ANALYSIS, not hardware detection)
============================================================
HIGH-RATE WINDOW: window=50 txns, planned_faults=25 (threshold=30% PROJECT-DEFINED)
============================================================
Result              : NORMAL PASS (normal communication verified)
Result              : PASS (FAULT DETECTED BY DUT: parity_error=1, word mismatch, serial pos 11 = word bit 11 [DATA])
  [WINDOW 2/50] COMBO: PARITY_ERROR within window
Result              : NORMAL PASS (normal communication verified)
Result              : PASS (FAULT DETECTED BY DUT: parity_error=1, word mismatch, serial pos 2 = word bit 5 [LABEL])
  [WINDOW 4/50] COMBO: PARITY_ERROR within window
  [WINDOW 5/50] COMBO: INVALID_LABEL within window
Result              : NORMAL PASS (normal communication verified)
Result              : NORMAL PASS (normal communication verified)
Result              : NORMAL PASS (normal communication verified)
Result              : NORMAL PASS (normal communication verified)
Result              : PASS (FAULT DETECTED BY DUT: parity_error=1, word mismatch, serial pos 26 = word bit 26 [DATA])
  [WINDOW 10/50] COMBO: PARITY_ERROR within window
  [WINDOW 11/50] COMBO: INVALID_LABEL within window
Result              : NORMAL PASS (normal communication verified)
Result              : PASS (FAULT DETECTED BY DUT: parity_error=1, word mismatch, serial pos 16 = word bit 16 [DATA])
  [WINDOW 13/50] COMBO: PARITY_ERROR within window
Result              : NORMAL PASS (normal communication verified)
Result              : PASS (FAULT DETECTED BY DUT: parity_error=1, word mismatch, serial pos 16 = word bit 16 [DATA])
  [WINDOW 15/50] COMBO: PARITY_ERROR within window
Result              : NORMAL PASS (normal communication verified)
  [WINDOW 17/50] COMBO: INVALID_LABEL within window
Result              : NORMAL PASS (normal communication verified)
Result              : NORMAL PASS (normal communication verified)
Result              : NORMAL PASS (normal communication verified)
Result              : NORMAL PASS (normal communication verified)
Result              : PASS (FAULT DETECTED BY DUT: parity_error=1, word mismatch, serial pos 25 = word bit 25 [DATA])
  [WINDOW 22/50] COMBO: PARITY_ERROR within window
  [WINDOW 23/50] COMBO: INVALID_LABEL within window
Result              : NORMAL PASS (normal communication verified)
Result              : PASS (FAULT DETECTED BY DUT: parity_error=1, word mismatch, serial pos 18 = word bit 18 [DATA])
  [WINDOW 25/50] COMBO: PARITY_ERROR within window
Result              : PASS (FAULT DETECTED BY DUT: parity_error=1, word mismatch, serial pos 11 = word bit 11 [DATA])
  [WINDOW 26/50] COMBO: PARITY_ERROR within window
  [WINDOW 27/50] COMBO: INVALID_LABEL within window
  [WINDOW 28/50] COMBO: INVALID_LABEL within window
Result              : NORMAL PASS (normal communication verified)
  [WINDOW 30/50] COMBO: INVALID_LABEL within window
Result              : PASS (FAULT DETECTED BY DUT: parity_error=1, word mismatch, serial pos 4 = word bit 3 [LABEL])
  [WINDOW 31/50] COMBO: PARITY_ERROR within window
  [WINDOW 32/50] COMBO: INVALID_LABEL within window
  [WINDOW 33/50] COMBO: INVALID_LABEL within window
Result              : NORMAL PASS (normal communication verified)
Result              : NORMAL PASS (normal communication verified)
  [WINDOW 36/50] COMBO: INVALID_LABEL within window
Result              : PASS (FAULT DETECTED BY DUT: parity_error=1, word mismatch, serial pos 25 = word bit 25 [DATA])
  [WINDOW 37/50] COMBO: PARITY_ERROR within window
Result              : NORMAL PASS (normal communication verified)
  [WINDOW 39/50] COMBO: INVALID_LABEL within window
Result              : NORMAL PASS (normal communication verified)
Result              : NORMAL PASS (normal communication verified)
  [WINDOW 42/50] COMBO: INVALID_LABEL within window
Result              : NORMAL PASS (normal communication verified)
Result              : NORMAL PASS (normal communication verified)
Result              : NORMAL PASS (normal communication verified)
Result              : NORMAL PASS (normal communication verified)
Result              : PASS (FAULT DETECTED BY DUT: parity_error=1, word mismatch, serial pos 1 = word bit 6 [LABEL])
  [WINDOW 47/50] COMBO: PARITY_ERROR within window
Result              : PASS (FAULT DETECTED BY DUT: parity_error=1, word mismatch, serial pos 28 = word bit 28 [DATA])
  [WINDOW 48/50] COMBO: PARITY_ERROR within window
Result              : NORMAL PASS (normal communication verified)
  [WINDOW 50/50] COMBO: INVALID_LABEL within window
HIGH-RATE WINDOW SUMMARY: total=50 faulty=25 normal=25 error_rate=50%
                          dominant_error_type=INVALID_LABEL (parity=12 label=13)
                          CLASSIFICATION: HIGH ERROR RATE CLASSIFIED (rate >= threshold; window-level ANALYSIS, not hardware detection)
============================================================
STAGE 1: normal + individual faults (randomized parameters)
============================================================
------------------------------------------------------------
Transaction ID      : 257
Seed (snapshot)     : 7
Fault class         : PARITY_ERROR
Tag                 : PARITY_FAULT(random pos)
Original word       : 89bd1105
Expected word       : 89bd1105
Injected stream     : 89bc11a0
Expected RX word    : 89bc1105 (parity_error=1)
Actual RX word      : 89bc1105 (parity_error=1)
rx_valid=1 tx_done=1  (counters +1 / +1)
TX duration         : 18000 cycles (360000 ns)
Result              : PASS (FAULT DETECTED BY DUT: parity_error=1, word mismatch, serial pos 16 = word bit 16 [DATA])
------------------------------------------------------------
Transaction ID      : 258
Seed (snapshot)     : 7
Fault class         : PARITY_ERROR
Tag                 : PARITY_FAULT(random pos)
Original word       : 1bdb0675
Expected word       : 1bdb0675
Injected stream     : 1bd906ae
Expected RX word    : 1bd90675 (parity_error=1)
Actual RX word      : 1bd90675 (parity_error=1)
rx_valid=1 tx_done=1  (counters +1 / +1)
TX duration         : 18000 cycles (360000 ns)
Result              : PASS (FAULT DETECTED BY DUT: parity_error=1, word mismatch, serial pos 17 = word bit 17 [DATA])
------------------------------------------------------------
Transaction ID      : 259
Seed (snapshot)     : 7
Fault class         : PARITY_ERROR
Tag                 : PARITY_FAULT(random pos)
Original word       : b1f3b145
Expected word       : b1f3b145
Injected stream     : b1fbb1a2
Expected RX word    : b1fbb145 (parity_error=1)
Actual RX word      : b1fbb145 (parity_error=1)
rx_valid=1 tx_done=1  (counters +1 / +1)
TX duration         : 18000 cycles (360000 ns)
Result              : PASS (FAULT DETECTED BY DUT: parity_error=1, word mismatch, serial pos 19 = word bit 19 [DATA])
------------------------------------------------------------
Transaction ID      : 260
Seed (snapshot)     : 7
Fault class         : PARITY_ERROR
Tag                 : PARITY_FAULT(random pos)
Original word       : d25a7955
Expected word       : d25a7955
Injected stream     : d25a79ba
Expected RX word    : d25a795d (parity_error=1)
Actual RX word      : d25a795d (parity_error=1)
rx_valid=1 tx_done=1  (counters +1 / +1)
TX duration         : 18000 cycles (360000 ns)
Result              : PASS (FAULT DETECTED BY DUT: parity_error=1, word mismatch, serial pos 4 = word bit 3 [LABEL])
------------------------------------------------------------
Transaction ID      : 261
Seed (snapshot)     : 7
Fault class         : PARITY_ERROR
Tag                 : PARITY_FAULT(random pos)
Original word       : a2e5c735
Expected word       : a2e5c735
Injected stream     : e2e5c7ac
Expected RX word    : e2e5c735 (parity_error=1)
Actual RX word      : e2e5c735 (parity_error=1)
rx_valid=1 tx_done=1  (counters +1 / +1)
TX duration         : 18000 cycles (360000 ns)
Result              : PASS (FAULT DETECTED BY DUT: parity_error=1, word mismatch, serial pos 30 = word bit 30 [SSM])
------------------------------------------------------------
Transaction ID      : 262
Seed (snapshot)     : 7
Fault class         : PARITY_ERROR
Tag                 : PARITY_FAULT(random pos)
Original word       : 38b6de25
Expected word       : 38b6de25
Injected stream     : 18b6dea4
Expected RX word    : 18b6de25 (parity_error=1)
Actual RX word      : 18b6de25 (parity_error=1)
rx_valid=1 tx_done=1  (counters +1 / +1)
TX duration         : 18000 cycles (360000 ns)
Result              : PASS (FAULT DETECTED BY DUT: parity_error=1, word mismatch, serial pos 29 = word bit 29 [SSM])
------------------------------------------------------------
Transaction ID      : 263
Fault class         : COMMUNICATION_TIMEOUT
Tag                 : TIMEOUT_ARMED_RX_NO_TX
Timeout threshold   : 22000 cycles [PROJECT-DEFINED]
Elapsed             : 15751 cycles
rx_valid seen       : 1
Result              : PASS (fault observed at verification level)
                      ARMED RX with NO transmission: hallucinated zero word at 15751 cycles (RX has no activity qualifier)
                      DUT TIMEOUT DETECTOR: ABSENT - EXPECTED LIMITATION (no such RTL hardware)
------------------------------------------------------------
Transaction ID      : 264
Fault class         : COMMUNICATION_TIMEOUT
Tag                 : TIMEOUT_ARMED_RX_NO_TX
Timeout threshold   : 22000 cycles [PROJECT-DEFINED]
Elapsed             : 15751 cycles
rx_valid seen       : 1
Result              : PASS (fault observed at verification level)
                      ARMED RX with NO transmission: hallucinated zero word at 15751 cycles (RX has no activity qualifier)
                      DUT TIMEOUT DETECTOR: ABSENT - EXPECTED LIMITATION (no such RTL hardware)
------------------------------------------------------------
Transaction ID      : 265
Seed (snapshot)     : 7
Fault class         : FIFO_OVERFLOW
Tag                 : O_OVERFLOW(verification-modeled)
Original word       : 05843545
Expected word       : 05843545
Injected stream     : 058435a2
Expected RX word    : 05843545 (parity_error=0)
Actual RX word      : 05843545 (parity_error=0)
rx_valid=1 tx_done=1  (counters +1 / +1)
TX duration         : 18000 cycles (360000 ns)
  [FIFO-MODEL] OVERFLOW: write request dropped, occupancy=4 (depth=4)
  [FIFO-MODEL] OVERFLOW: write request dropped, occupancy=4 (depth=4)
  [FIFO-MODEL] OVERFLOW: write request dropped, occupancy=4 (depth=4)
Result              : PASS (verification-modeled FIFO overflow)
                      occupancy_before=0 writes_attempted=7 overflow_events=3 (planned 3)
                      NO FIFO HARDWARE IN RTL - VERIFICATION-MODELED EVENT (expected limitation)
------------------------------------------------------------
Transaction ID      : 266
Seed (snapshot)     : 7
Fault class         : FIFO_UNDERFLOW
Tag                 : _UNDERFLOW(verification-modeled)
Original word       : 2ffc9a05
Expected word       : 2ffc9a05
Injected stream     : 2ffc9aa0
Expected RX word    : 2ffc9a05 (parity_error=0)
Actual RX word      : 2ffc9a05 (parity_error=0)
rx_valid=1 tx_done=1  (counters +1 / +1)
TX duration         : 18000 cycles (360000 ns)
  [FIFO-MODEL] UNDERFLOW: read request on empty FIFO
Result              : PASS (verification-modeled FIFO underflow)
                      occupancy_before=0 reads_attempted=1 underflow_events=1 (planned 1)
                      NO FIFO HARDWARE IN RTL - VERIFICATION-MODELED EVENT (expected limitation)
------------------------------------------------------------
Transaction ID      : 267
Seed (snapshot)     : 7
Fault class         : INVALID_LABEL
Tag                 : VALID_LABEL(application-defined)
Original word       : 29f869d0
Expected word       : 29f869d0
Injected stream     : 29f8690b
Expected RX word    : 29f869d0 (parity_error=0)
Actual RX word      : 29f869d0 (parity_error=0)
rx_valid=1 tx_done=1  (counters +1 / +1)
TX duration         : 18000 cycles (360000 ns)
Result              : PASS (fault observed at verification level)
                      original_label=00000025 injected_label=d0 supported_label_status=INVALID
                      invalid_label_condition: received label NOT in APPLICATION-DEFINED supported set
                      DUT accepted the word: NO label validator in RTL - EXPECTED LIMITATION
                      NOT an ARINC protocol violation claim
------------------------------------------------------------
Transaction ID      : 268
Seed (snapshot)     : 7
Fault class         : INVALID_LABEL
Tag                 : VALID_LABEL(application-defined)
Original word       : d6a9f82f
Expected word       : d6a9f82f
Injected stream     : d6a9f8f4
Expected RX word    : d6a9f82f (parity_error=0)
Actual RX word      : d6a9f82f (parity_error=0)
rx_valid=1 tx_done=1  (counters +1 / +1)
TX duration         : 18000 cycles (360000 ns)
Result              : PASS (fault observed at verification level)
                      original_label=00000055 injected_label=2f supported_label_status=INVALID
                      invalid_label_condition: received label NOT in APPLICATION-DEFINED supported set
                      DUT accepted the word: NO label validator in RTL - EXPECTED LIMITATION
                      NOT an ARINC protocol violation claim
------------------------------------------------------------
Transaction ID      : 269
Seed (snapshot)     : 7
Fault class         : INVALID_LABEL
Tag                 : VALID_LABEL(application-defined)
Original word       : 55fdaf48
Expected word       : 55fdaf48
Injected stream     : 55fdaf12
Expected RX word    : 55fdaf48 (parity_error=0)
Actual RX word      : 55fdaf48 (parity_error=0)
rx_valid=1 tx_done=1  (counters +1 / +1)
TX duration         : 18000 cycles (360000 ns)
Result              : PASS (fault observed at verification level)
                      original_label=00000025 injected_label=48 supported_label_status=INVALID
                      invalid_label_condition: received label NOT in APPLICATION-DEFINED supported set
                      DUT accepted the word: NO label validator in RTL - EXPECTED LIMITATION
                      NOT an ARINC protocol violation claim
------------------------------------------------------------
Transaction ID      : 270
Seed (snapshot)     : 7
Fault class         : INVALID_LABEL
Tag                 : VALID_LABEL(application-defined)
Original word       : c968ef02
Expected word       : c968ef02
Injected stream     : c968ef40
Expected RX word    : c968ef02 (parity_error=0)
Actual RX word      : c968ef02 (parity_error=0)
rx_valid=1 tx_done=1  (counters +1 / +1)
TX duration         : 18000 cycles (360000 ns)
Result              : PASS (fault observed at verification level)
                      original_label=00000035 injected_label=02 supported_label_status=INVALID
                      invalid_label_condition: received label NOT in APPLICATION-DEFINED supported set
                      DUT accepted the word: NO label validator in RTL - EXPECTED LIMITATION
                      NOT an ARINC protocol violation claim
------------------------------------------------------------
Transaction ID      : 271
Fault class         : BUS_IDLE_ERROR
Idle threshold      : 22000 cycles (PROJECT-DEFINED)
Result              : PASS (fault observed at verification level)
                      idle_duration=23861 cycles >= IDLE_THRESHOLD=22000 -> BUS IDLE condition
                      (477 us with no TX/RX activity)
                      DUT IDLE DETECTOR: ABSENT - EXPECTED LIMITATION (no such RTL hardware)
------------------------------------------------------------
Transaction ID      : 272
Fault class         : BUS_IDLE_ERROR
Idle threshold      : 22000 cycles (PROJECT-DEFINED)
Result              : PASS (fault observed at verification level)
                      idle_duration=25527 cycles >= IDLE_THRESHOLD=22000 -> BUS IDLE condition
                      (510 us with no TX/RX activity)
                      DUT IDLE DETECTOR: ABSENT - EXPECTED LIMITATION (no such RTL hardware)
============================================================
STAGE 2: repeated communication errors
============================================================
============================================================
REPEATED ERROR BLOCK: base=PARITY_ERROR repeat_count=5 (gap_since_last=0)
============================================================
------------------------------------------------------------
Transaction ID      : 273
Seed (snapshot)     : 7
Fault class         : PARITY_ERROR
Tag                 : PARITY_FAULT(random pos)
Original word       : 68454955
Expected word       : 68454955
Injected stream     : 604549aa
Expected RX word    : 60454955 (parity_error=1)
Actual RX word      : 60454955 (parity_error=1)
rx_valid=1 tx_done=1  (counters +1 / +1)
TX duration         : 18000 cycles (360000 ns)
Result              : PASS (FAULT DETECTED BY DUT: parity_error=1, word mismatch, serial pos 27 = word bit 27 [DATA])
------------------------------------------------------------
Transaction ID      : 274
Seed (snapshot)     : 7
Fault class         : PARITY_ERROR
Tag                 : PARITY_FAULT(random pos)
Original word       : 6bed7205
Expected word       : 6bed7205
Injected stream     : 6be972a0
Expected RX word    : 6be97205 (parity_error=1)
Actual RX word      : 6be97205 (parity_error=1)
rx_valid=1 tx_done=1  (counters +1 / +1)
TX duration         : 18000 cycles (360000 ns)
Result              : PASS (FAULT DETECTED BY DUT: parity_error=1, word mismatch, serial pos 18 = word bit 18 [DATA])
------------------------------------------------------------
Transaction ID      : 275
Seed (snapshot)     : 7
Fault class         : PARITY_ERROR
Tag                 : PARITY_FAULT(random pos)
Original word       : 1f8ef825
Expected word       : 1f8ef825
Injected stream     : 1f8ef884
Expected RX word    : 1f8ef821 (parity_error=1)
Actual RX word      : 1f8ef821 (parity_error=1)
rx_valid=1 tx_done=1  (counters +1 / +1)
TX duration         : 18000 cycles (360000 ns)
Result              : PASS (FAULT DETECTED BY DUT: parity_error=1, word mismatch, serial pos 5 = word bit 2 [LABEL])
------------------------------------------------------------
Transaction ID      : 276
Seed (snapshot)     : 7
Fault class         : PARITY_ERROR
Tag                 : PARITY_FAULT(random pos)
Original word       : 37bf4f55
Expected word       : 37bf4f55
Injected stream     : 37bf4f8a
Expected RX word    : 37bf4f51 (parity_error=1)
Actual RX word      : 37bf4f51 (parity_error=1)
rx_valid=1 tx_done=1  (counters +1 / +1)
TX duration         : 18000 cycles (360000 ns)
Result              : PASS (FAULT DETECTED BY DUT: parity_error=1, word mismatch, serial pos 5 = word bit 2 [LABEL])
------------------------------------------------------------
Transaction ID      : 277
Seed (snapshot)     : 7
Fault class         : PARITY_ERROR
Tag                 : PARITY_FAULT(random pos)
Original word       : b3b34125
Expected word       : b3b34125
Injected stream     : b3b241a4
Expected RX word    : b3b24125 (parity_error=1)
Actual RX word      : b3b24125 (parity_error=1)
rx_valid=1 tx_done=1  (counters +1 / +1)
TX duration         : 18000 cycles (360000 ns)
Result              : PASS (FAULT DETECTED BY DUT: parity_error=1, word mismatch, serial pos 16 = word bit 16 [DATA])
REPEATED BLOCK SUMMARY: REPEATED ERROR PATTERN OBSERVED (analysis classification, NOT hardware detection)
                        repeat_count=5 consecutive_error_count=27 successes_between=0
                        underlying_error_type=PARITY_ERROR underlying DUT-detected members=5/5
============================================================
REPEATED ERROR BLOCK: base=INVALID_LABEL repeat_count=6 (gap_since_last=0)
============================================================
------------------------------------------------------------
Transaction ID      : 278
Seed (snapshot)     : 7
Fault class         : INVALID_LABEL
Tag                 : VALID_LABEL(application-defined)
Original word       : 59ce5491
Expected word       : 59ce5491
Injected stream     : 59ce5489
Expected RX word    : 59ce5491 (parity_error=0)
Actual RX word      : 59ce5491 (parity_error=0)
rx_valid=1 tx_done=1  (counters +1 / +1)
TX duration         : 18000 cycles (360000 ns)
Result              : PASS (fault observed at verification level)
                      original_label=00000065 injected_label=91 supported_label_status=INVALID
                      invalid_label_condition: received label NOT in APPLICATION-DEFINED supported set
                      DUT accepted the word: NO label validator in RTL - EXPECTED LIMITATION
                      NOT an ARINC protocol violation claim
------------------------------------------------------------
Transaction ID      : 279
Seed (snapshot)     : 7
Fault class         : INVALID_LABEL
Tag                 : VALID_LABEL(application-defined)
Original word       : 51c3480a
Expected word       : 51c3480a
Injected stream     : 51c34850
Expected RX word    : 51c3480a (parity_error=0)
Actual RX word      : 51c3480a (parity_error=0)
rx_valid=1 tx_done=1  (counters +1 / +1)
TX duration         : 18000 cycles (360000 ns)
Result              : PASS (fault observed at verification level)
                      original_label=00000005 injected_label=0a supported_label_status=INVALID
                      invalid_label_condition: received label NOT in APPLICATION-DEFINED supported set
                      DUT accepted the word: NO label validator in RTL - EXPECTED LIMITATION
                      NOT an ARINC protocol violation claim
------------------------------------------------------------
Transaction ID      : 280
Seed (snapshot)     : 7
Fault class         : INVALID_LABEL
Tag                 : VALID_LABEL(application-defined)
Original word       : cba219c6
Expected word       : cba219c6
Injected stream     : cba21963
Expected RX word    : cba219c6 (parity_error=0)
Actual RX word      : cba219c6 (parity_error=0)
rx_valid=1 tx_done=1  (counters +1 / +1)
TX duration         : 18000 cycles (360000 ns)
Result              : PASS (fault observed at verification level)
                      original_label=00000075 injected_label=c6 supported_label_status=INVALID
                      invalid_label_condition: received label NOT in APPLICATION-DEFINED supported set
                      DUT accepted the word: NO label validator in RTL - EXPECTED LIMITATION
                      NOT an ARINC protocol violation claim
------------------------------------------------------------
Transaction ID      : 281
Seed (snapshot)     : 7
Fault class         : INVALID_LABEL
Tag                 : VALID_LABEL(application-defined)
Original word       : 21d712d0
Expected word       : 21d712d0
Injected stream     : 21d7120b
Expected RX word    : 21d712d0 (parity_error=0)
Actual RX word      : 21d712d0 (parity_error=0)
rx_valid=1 tx_done=1  (counters +1 / +1)
TX duration         : 18000 cycles (360000 ns)
Result              : PASS (fault observed at verification level)
                      original_label=00000045 injected_label=d0 supported_label_status=INVALID
                      invalid_label_condition: received label NOT in APPLICATION-DEFINED supported set
                      DUT accepted the word: NO label validator in RTL - EXPECTED LIMITATION
                      NOT an ARINC protocol violation claim
------------------------------------------------------------
Transaction ID      : 282
Seed (snapshot)     : 7
Fault class         : INVALID_LABEL
Tag                 : VALID_LABEL(application-defined)
Original word       : ca9758a2
Expected word       : ca9758a2
Injected stream     : ca975845
Expected RX word    : ca9758a2 (parity_error=0)
Actual RX word      : ca9758a2 (parity_error=0)
rx_valid=1 tx_done=1  (counters +1 / +1)
TX duration         : 18000 cycles (360000 ns)
Result              : PASS (fault observed at verification level)
                      original_label=00000075 injected_label=a2 supported_label_status=INVALID
                      invalid_label_condition: received label NOT in APPLICATION-DEFINED supported set
                      DUT accepted the word: NO label validator in RTL - EXPECTED LIMITATION
                      NOT an ARINC protocol violation claim
------------------------------------------------------------
Transaction ID      : 283
Seed (snapshot)     : 7
Fault class         : INVALID_LABEL
Tag                 : VALID_LABEL(application-defined)
Original word       : 7421e6c0
Expected word       : 7421e6c0
Injected stream     : 7421e603
Expected RX word    : 7421e6c0 (parity_error=0)
Actual RX word      : 7421e6c0 (parity_error=0)
rx_valid=1 tx_done=1  (counters +1 / +1)
TX duration         : 18000 cycles (360000 ns)
Result              : PASS (fault observed at verification level)
                      original_label=00000075 injected_label=c0 supported_label_status=INVALID
                      invalid_label_condition: received label NOT in APPLICATION-DEFINED supported set
                      DUT accepted the word: NO label validator in RTL - EXPECTED LIMITATION
                      NOT an ARINC protocol violation claim
REPEATED BLOCK SUMMARY: REPEATED ERROR PATTERN OBSERVED (analysis classification, NOT hardware detection)
                        repeat_count=6 consecutive_error_count=39 successes_between=0
                        underlying_error_type=INVALID_LABEL underlying DUT-detected members=0/6
                        INVALID_LABEL base: DUT has no label validator, underlying detection impossible (honest 0)
============================================================
REPEATED ERROR BLOCK: base=PARITY_ERROR repeat_count=5 (gap_since_last=0)
============================================================
------------------------------------------------------------
Transaction ID      : 284
Seed (snapshot)     : 7
Fault class         : PARITY_ERROR
Tag                 : PARITY_FAULT(random pos)
Original word       : fd492b45
Expected word       : fd492b45
Injected stream     : fd592ba2
Expected RX word    : fd592b45 (parity_error=1)
Actual RX word      : fd592b45 (parity_error=1)
rx_valid=1 tx_done=1  (counters +1 / +1)
TX duration         : 18000 cycles (360000 ns)
Result              : PASS (FAULT DETECTED BY DUT: parity_error=1, word mismatch, serial pos 20 = word bit 20 [DATA])
------------------------------------------------------------
Transaction ID      : 285
Seed (snapshot)     : 7
Fault class         : PARITY_ERROR
Tag                 : PARITY_FAULT(random pos)
Original word       : 16416a35
Expected word       : 16416a35
Injected stream     : 12416aac
Expected RX word    : 12416a35 (parity_error=1)
Actual RX word      : 12416a35 (parity_error=1)
rx_valid=1 tx_done=1  (counters +1 / +1)
TX duration         : 18000 cycles (360000 ns)
Result              : PASS (FAULT DETECTED BY DUT: parity_error=1, word mismatch, serial pos 26 = word bit 26 [DATA])
------------------------------------------------------------
Transaction ID      : 286
Seed (snapshot)     : 7
Fault class         : PARITY_ERROR
Tag                 : PARITY_FAULT(random pos)
Original word       : 4dfe7405
Expected word       : 4dfe7405
Injected stream     : 4dfe75a0
Expected RX word    : 4dfe7505 (parity_error=1)
Actual RX word      : 4dfe7505 (parity_error=1)
rx_valid=1 tx_done=1  (counters +1 / +1)
TX duration         : 18000 cycles (360000 ns)
Result              : PASS (FAULT DETECTED BY DUT: parity_error=1, word mismatch, serial pos 8 = word bit 8 [SDI])
------------------------------------------------------------
Transaction ID      : 287
Seed (snapshot)     : 7
Fault class         : PARITY_ERROR
Tag                 : PARITY_FAULT(random pos)
Original word       : a9580955
Expected word       : a9580955
Injected stream     : a95a09aa
Expected RX word    : a95a0955 (parity_error=1)
Actual RX word      : a95a0955 (parity_error=1)
rx_valid=1 tx_done=1  (counters +1 / +1)
TX duration         : 18000 cycles (360000 ns)
Result              : PASS (FAULT DETECTED BY DUT: parity_error=1, word mismatch, serial pos 17 = word bit 17 [DATA])
------------------------------------------------------------
Transaction ID      : 288
Seed (snapshot)     : 7
Fault class         : PARITY_ERROR
Tag                 : PARITY_FAULT(random pos)
Original word       : d1d12d15
Expected word       : d1d12d15
Injected stream     : d1d13da8
Expected RX word    : d1d13d15 (parity_error=1)
Actual RX word      : d1d13d15 (parity_error=1)
rx_valid=1 tx_done=1  (counters +1 / +1)
TX duration         : 18000 cycles (360000 ns)
Result              : PASS (FAULT DETECTED BY DUT: parity_error=1, word mismatch, serial pos 12 = word bit 12 [DATA])
REPEATED BLOCK SUMMARY: REPEATED ERROR PATTERN OBSERVED (analysis classification, NOT hardware detection)
                        repeat_count=5 consecutive_error_count=49 successes_between=0
                        underlying_error_type=PARITY_ERROR underlying DUT-detected members=5/5
============================================================
STAGE 3: mixed randomized fault scenarios (12 iterations, prob=80%)
============================================================
------------------------------------------------------------
Transaction ID      : 289
Seed (snapshot)     : 7
Fault class         : COMMUNICATION_TIMEOUT
Tag                 : TIMEOUT_TRUNCATED_WORD
Original word       : dc415e45
Expected word       : dc415e45
Injected stream     : 00005ea2
Expected RX word    : 00005e45 (parity_error=1)
Actual RX word      : 00005e45 (parity_error=1)
rx_valid=1 tx_done=1  (counters +1 / +1)
TX duration         : 18000 cycles (360000 ns)
------------------------------------------------------------
Transaction ID      : 289
Fault class         : COMMUNICATION_TIMEOUT
Tag                 : TIMEOUT_TRUNCATED_WORD
Timeout threshold   : 22000 cycles [PROJECT-DEFINED]
Elapsed             : 15751 cycles
rx_valid seen       : 1
Result              : PASS (fault observed at verification level)
                      RX completed an INCOMPLETE word (trailing bits read as 0) after 15751 cycles
                      DUT TIMEOUT DETECTOR: ABSENT - EXPECTED LIMITATION (no such RTL hardware)
Result              : NORMAL PASS (normal communication verified)
------------------------------------------------------------
Transaction ID      : 291
Seed (snapshot)     : 7
Fault class         : FIFO_OVERFLOW
Tag                 : O_OVERFLOW(verification-modeled)
Original word       : e0424545
Expected word       : e0424545
Injected stream     : e04245a2
Expected RX word    : e0424545 (parity_error=0)
Actual RX word      : e0424545 (parity_error=0)
rx_valid=1 tx_done=1  (counters +1 / +1)
TX duration         : 18000 cycles (360000 ns)
  [FIFO-MODEL] OVERFLOW: write request dropped, occupancy=4 (depth=4)
  [FIFO-MODEL] OVERFLOW: write request dropped, occupancy=4 (depth=4)
  [FIFO-MODEL] OVERFLOW: write request dropped, occupancy=4 (depth=4)
Result              : PASS (verification-modeled FIFO overflow)
                      occupancy_before=0 writes_attempted=7 overflow_events=3 (planned 3)
                      NO FIFO HARDWARE IN RTL - VERIFICATION-MODELED EVENT (expected limitation)
============================================================
HIGH-RATE WINDOW: window=10 txns, planned_faults=5 (threshold=30% PROJECT-DEFINED)
============================================================
Result              : NORMAL PASS (normal communication verified)
Result              : PASS (FAULT DETECTED BY DUT: parity_error=1, word mismatch, serial pos 1 = word bit 6 [LABEL])
  [WINDOW 2/10] COMBO: PARITY_ERROR within window
Result              : PASS (FAULT DETECTED BY DUT: parity_error=1, word mismatch, serial pos 17 = word bit 17 [DATA])
  [WINDOW 3/10] COMBO: PARITY_ERROR within window
  [WINDOW 4/10] COMBO: INVALID_LABEL within window
Result              : NORMAL PASS (normal communication verified)
Result              : PASS (FAULT DETECTED BY DUT: parity_error=1, word mismatch, serial pos 1 = word bit 6 [LABEL])
  [WINDOW 6/10] COMBO: PARITY_ERROR within window
Result              : PASS (FAULT DETECTED BY DUT: parity_error=1, word mismatch, serial pos 12 = word bit 12 [DATA])
  [WINDOW 7/10] COMBO: PARITY_ERROR within window
Result              : NORMAL PASS (normal communication verified)
Result              : NORMAL PASS (normal communication verified)
Result              : NORMAL PASS (normal communication verified)
HIGH-RATE WINDOW SUMMARY: total=10 faulty=5 normal=5 error_rate=50%
                          dominant_error_type=PARITY_ERROR (parity=4 label=1)
                          CLASSIFICATION: HIGH ERROR RATE CLASSIFIED (rate >= threshold; window-level ANALYSIS, not hardware detection)
============================================================
HIGH-RATE WINDOW: window=10 txns, planned_faults=4 (threshold=30% PROJECT-DEFINED)
============================================================
Result              : NORMAL PASS (normal communication verified)
Result              : NORMAL PASS (normal communication verified)
Result              : PASS (FAULT DETECTED BY DUT: parity_error=1, word mismatch, serial pos 30 = word bit 30 [SSM])
  [WINDOW 3/10] COMBO: PARITY_ERROR within window
  [WINDOW 4/10] COMBO: INVALID_LABEL within window
Result              : PASS (FAULT DETECTED BY DUT: parity_error=1, word mismatch, serial pos 31 = word bit 31 [PARITY])
  [WINDOW 5/10] COMBO: PARITY_ERROR within window
Result              : NORMAL PASS (normal communication verified)
Result              : NORMAL PASS (normal communication verified)
Result              : NORMAL PASS (normal communication verified)
Result              : PASS (FAULT DETECTED BY DUT: parity_error=1, word mismatch, serial pos 1 = word bit 6 [LABEL])
  [WINDOW 9/10] COMBO: PARITY_ERROR within window
Result              : NORMAL PASS (normal communication verified)
HIGH-RATE WINDOW SUMMARY: total=10 faulty=4 normal=6 error_rate=40%
                          dominant_error_type=PARITY_ERROR (parity=3 label=1)
                          CLASSIFICATION: HIGH ERROR RATE CLASSIFIED (rate >= threshold; window-level ANALYSIS, not hardware detection)
============================================================
HIGH-RATE WINDOW: window=10 txns, planned_faults=10 (threshold=30% PROJECT-DEFINED)
============================================================
  [WINDOW 1/10] COMBO: INVALID_LABEL within window
Result              : PASS (FAULT DETECTED BY DUT: parity_error=1, word mismatch, serial pos 28 = word bit 28 [DATA])
  [WINDOW 2/10] COMBO: PARITY_ERROR within window
  [WINDOW 3/10] COMBO: INVALID_LABEL within window
  [WINDOW 4/10] COMBO: INVALID_LABEL within window
Result              : PASS (FAULT DETECTED BY DUT: parity_error=1, word mismatch, serial pos 8 = word bit 8 [SDI])
  [WINDOW 5/10] COMBO: PARITY_ERROR within window
  [WINDOW 6/10] COMBO: INVALID_LABEL within window
  [WINDOW 7/10] COMBO: INVALID_LABEL within window
Result              : PASS (FAULT DETECTED BY DUT: parity_error=1, word mismatch, serial pos 9 = word bit 9 [SDI])
  [WINDOW 8/10] COMBO: PARITY_ERROR within window
  [WINDOW 9/10] COMBO: INVALID_LABEL within window
Result              : PASS (FAULT DETECTED BY DUT: parity_error=1, word mismatch, serial pos 0 = word bit 7 [LABEL])
  [WINDOW 10/10] COMBO: PARITY_ERROR within window
HIGH-RATE WINDOW SUMMARY: total=10 faulty=10 normal=0 error_rate=100%
                          dominant_error_type=INVALID_LABEL (parity=4 label=6)
                          CLASSIFICATION: HIGH ERROR RATE CLASSIFIED (rate >= threshold; window-level ANALYSIS, not hardware detection)
Result              : PASS (FAULT DETECTED BY DUT: parity_error=1, word mismatch, serial pos 2 = word bit 5 [LABEL])
------------------------------------------------------------
Transaction ID      : 326
Seed (snapshot)     : 7
Fault class         : COMMUNICATION_TIMEOUT
Tag                 : TIMEOUT_NO_COMMUNICATION
Original word       : 3114ce75
Expected word       : 3114ce75
Injected stream     : 00000000
Expected RX word    : 00000000 (parity_error=1)
Actual RX word      : 2b2e5775 (parity_error=1)
rx_valid=0 tx_done=1  (counters +0 / +1)
TX duration         : 18000 cycles (360000 ns)
------------------------------------------------------------
Transaction ID      : 326
Fault class         : COMMUNICATION_TIMEOUT
Tag                 : TIMEOUT_NO_COMMUNICATION
Timeout threshold   : 22000 cycles [PROJECT-DEFINED]
Elapsed             : 22000 cycles
rx_valid seen       : 0
Result              : PASS (fault observed at verification level)
                      NO reception event within the 22000-cycle threshold (rx_valid_count unchanged)
                      DUT TIMEOUT DETECTOR: ABSENT - EXPECTED LIMITATION (no such RTL hardware)
Result              : NORMAL PASS (normal communication verified)
============================================================
STAGE 4: reset-during-fault scenarios (RESET RECOVERY class)
============================================================
------------------------------------------------------------
Reset scenario       : RESET_DURING_PARITY_FAULT_TX
  [WIRE-PROOF] serial bit 12 corrupted on the wire: FIU_in=0 FIU_out=1
------------------------------------------------------------
Transaction ID      : 328
Seed (snapshot)     : 7
Fault class         : NORMAL
Tag                 : NORMAL
Original word       : 34e1ae75
Expected word       : 34e1ae75
Injected stream     : 34e1aeae
Expected RX word    : 34e1ae75 (parity_error=0)
Actual RX word      : 34e1ae75 (parity_error=0)
rx_valid=1 tx_done=1  (counters +1 / +1)
TX duration         : 18000 cycles (360000 ns)
Result              : NORMAL PASS (normal communication verified)
Result              : PASS (DUT returned to reset state, no stale events, recovery transaction verified)
------------------------------------------------------------
Reset scenario       : RESET_DURING_INCOMPLETE_WORD
------------------------------------------------------------
Transaction ID      : 329
Seed (snapshot)     : 7
Fault class         : NORMAL
Tag                 : NORMAL
Original word       : 09c7b465
Expected word       : 09c7b465
Injected stream     : 09c7b4a6
Expected RX word    : 09c7b465 (parity_error=0)
Actual RX word      : 09c7b465 (parity_error=0)
rx_valid=1 tx_done=1  (counters +1 / +1)
TX duration         : 18000 cycles (360000 ns)
Result              : NORMAL PASS (normal communication verified)
Result              : PASS (DUT returned to reset state, no stale events, recovery transaction verified)
------------------------------------------------------------
Reset scenario       : RESET_DURING_REPEATED_ERROR_SEQ
Result              : PASS (FAULT DETECTED BY DUT: parity_error=1, word mismatch, serial pos 12 = word bit 12 [DATA])
  [REPEAT-PROOF] transaction 1 COMPLETED (tx_done + rx_valid + parity_error=1)
  [REPEAT-PROOF] transaction 2 STARTED after tx_busy==0 (second tx_start genuinely accepted)
  [WIRE-PROOF] T2 serial bit 5 corrupted on the wire: FIU_in=1 FIU_out=0
------------------------------------------------------------
Transaction ID      : 331
Seed (snapshot)     : 7
Fault class         : NORMAL
Tag                 : NORMAL
Original word       : 57176445
Expected word       : 57176445
Injected stream     : 571764a2
Expected RX word    : 57176445 (parity_error=0)
Actual RX word      : 57176445 (parity_error=0)
rx_valid=1 tx_done=1  (counters +1 / +1)
TX duration         : 18000 cycles (360000 ns)
Result              : NORMAL PASS (normal communication verified)
Result              : PASS (DUT returned to reset state, no stale events, recovery transaction verified)
                      repeated-error context proven: T1 completed + T2 genuinely started, both aborted by reset
------------------------------------------------------------
Reset scenario       : RESET_DURING_IDLE
------------------------------------------------------------
Transaction ID      : 332
Seed (snapshot)     : 7
Fault class         : NORMAL
Tag                 : NORMAL
Original word       : d7289c75
Expected word       : d7289c75
Injected stream     : d7289cae
Expected RX word    : d7289c75 (parity_error=0)
Actual RX word      : d7289c75 (parity_error=0)
rx_valid=1 tx_done=1  (counters +1 / +1)
TX duration         : 18000 cycles (360000 ns)
Result              : NORMAL PASS (normal communication verified)
Result              : PASS (DUT returned to reset state, no stale events, recovery transaction verified)

============================================================
PHASE-1 FAULT INJECTION - COUNTER SUMMARY (seed=7 mode=1)
============================================================
total_tests                  = 338
passed_tests                 = 338
failed_tests                 = 0
normal_tests                 = 171
normal_passed                = 171
normal_failed                = 0
fault_tests                  = 172
faults_injected              = 167
faults_detected              = 88
faults_undetected            = 0
expected_limitations         = 79
faults_unresolved            = 0
errors_observed              = 167
------------------------------------------------------------
parity_faults                = 88
parity_detected              = 88
parity_undetected            = 0
parity_anomalies             = 0
two_bit_faults               = 2
two_bit_limitations          = 2
timeout_faults               = 8
timeout_observed             = 8
timeout_unresolved           = 0
timeout_detected_by_dut      = 0   (no timeout detector in RTL)
fifo_overflow_events         = 8 (verification-modeled)
fifo_underflow_events        = 3 (verification-modeled)
invalid_label_faults         = 55
repeated_error_cases         = 3
repeated_error_patterns_observed = 3 (ANALYSIS classification)
repeated_underlying_dut_detected = 2 (blocks with >=1 DUT-detected member)
repeated_error_failed        = 0
bus_idle_cases               = 3
high_error_rate_cases        = 8
high_error_rate_windows_classified = 5 (ANALYSIS classification)
high_error_rate_windows_below      = 3
high_error_rate_failed       = 0
------------------------------------------------------------
bit_faults_by_label          = 22
bit_faults_by_sdi            = 6
bit_faults_by_data           = 52
bit_faults_by_ssm            = 6
bit_faults_by_parity         = 2
------------------------------------------------------------
reset_tests                  = 4
reset_passed                 = 4
reset_failed                 = 0
------------------------------------------------------------
timing_failures              = 0
tx_done width failures       = 0
rx_valid width failures      = 0
tb_internal_errors           = 0
consistency_violations       = 0
dataset_integrity_failures   = 0 (per-row CSV audit)
FIFO model: write_req=20 read_req=15 final_occ=0
============================================================
COUNTER CONSISTENCY: ALL 14 EQUATIONS HOLD
OVERALL RESULT = PASS
============================================================
FAULT-INJECTION FRAMEWORK READY
(verified by this simulation run; re-run under Vivado XSim
 with the same seed to reproduce this exact fault sequence)
============================================================
/home/z/my-project/download/review2_phase1_fixed/tb/tb_arinc429_fault_injection.v:2642: $finish called at 124039000000 (1ps)
